<?xml version="1.0" encoding="UTF-8"?>
<TestRun id="0186a440-70f1-4994-973e-4735d3978cb1" name="KIMLZY2@IN40400042-0 2012-05-31 18:53:06" runUser="KKHAD\KIMLZY2" xmlns="http://microsoft.com/schemas/VisualStudio/TeamTest/2010">
  <TestSettings name="Default Test Settings" id="95ddbae9-ecfe-4451-a237-d6f4146a439e">
    <Deployment runDeploymentRoot="KIMLZY2_IN40400042-0 2012-05-31 18_53_06">
      <DeploymentItem filename="C:\git_repository\MvcExpenseGit1\MvcExpense\MvcExpense\bin\MvcExpense.dll" />
    </Deployment>
    <Execution>
      <TestTypeSpecific />
      <AgentRule name="Execution Agents">
      </AgentRule>
    </Execution>
  </TestSettings>
  <Times creation="2012-05-31T18:53:06.4038842+08:00" queuing="2012-05-31T18:53:07.1069545+08:00" start="2012-05-31T18:53:07.1229561+08:00" finish="2012-05-31T18:53:07.8230261+08:00" />
  <ResultSummary outcome="Completed">
    <Counters total="8" executed="8" passed="8" error="0" failed="0" timeout="0" aborted="0" inconclusive="0" passedButRunAborted="0" notRunnable="0" notExecuted="0" disconnected="0" warning="0" completed="0" inProgress="0" pending="0" />
  </ResultSummary>
  <TestDefinitions>
    <UnitTest name="TestCreateDateRangeWithMonthDay" storage="c:\git_repository\mvcexpensegit1\mvcexpense\mvcexpense.tests\bin\debug\mvcexpense.tests.dll" id="f05442bb-1c81-e40a-1104-6d8b97ad5464">
      <Execution id="711415bb-a7a9-41fc-8143-329f07fcf5f8" />
      <TestMethod codeBase="C:/git_repository/MvcExpenseGit1/MvcExpense/MvcExpense.Tests/bin/Debug/MvcExpense.Tests.DLL" adapterTypeName="Microsoft.VisualStudio.TestTools.TestTypes.Unit.UnitTestAdapter, Microsoft.VisualStudio.QualityTools.Tips.UnitTest.Adapter, Version=10.0.0.0, Culture=neutral, PublicKeyToken=b03f5f7f11d50a3a" className="MvcExpense.Tests.HelperClasses.DateRangeTest, MvcExpense.Tests, Version=1.0.0.0, Culture=neutral, PublicKeyToken=null" name="TestCreateDateRangeWithMonthDay" />
    </UnitTest>
    <UnitTest name="TestCreateDateRange" storage="c:\git_repository\mvcexpensegit1\mvcexpense\mvcexpense.tests\bin\debug\mvcexpense.tests.dll" id="761dfcab-e528-7303-81bd-2ca1f685f3dc">
      <Execution id="1278be6a-fc37-46c0-bbde-7a6d0fe97109" />
      <TestMethod codeBase="C:/git_repository/MvcExpenseGit1/MvcExpense/MvcExpense.Tests/bin/Debug/MvcExpense.Tests.DLL" adapterTypeName="Microsoft.VisualStudio.TestTools.TestTypes.Unit.UnitTestAdapter, Microsoft.VisualStudio.QualityTools.Tips.UnitTest.Adapter, Version=10.0.0.0, Culture=neutral, PublicKeyToken=b03f5f7f11d50a3a" className="MvcExpense.Tests.HelperClasses.DateRangeTest, MvcExpense.Tests, Version=1.0.0.0, Culture=neutral, PublicKeyToken=null" name="TestCreateDateRange" />
    </UnitTest>
    <UnitTest name="TestCreateDateRangeWithMonth" storage="c:\git_repository\mvcexpensegit1\mvcexpense\mvcexpense.tests\bin\debug\mvcexpense.tests.dll" id="5c7470ff-866f-02d8-bf12-ff4d787929ba">
      <Execution id="e78f7445-522c-4dae-91f3-081068e7531a" />
      <TestMethod codeBase="C:/git_repository/MvcExpenseGit1/MvcExpense/MvcExpense.Tests/bin/Debug/MvcExpense.Tests.DLL" adapterTypeName="Microsoft.VisualStudio.TestTools.TestTypes.Unit.UnitTestAdapter, Microsoft.VisualStudio.QualityTools.Tips.UnitTest.Adapter, Version=10.0.0.0, Culture=neutral, PublicKeyToken=b03f5f7f11d50a3a" className="MvcExpense.Tests.HelperClasses.DateRangeTest, MvcExpense.Tests, Version=1.0.0.0, Culture=neutral, PublicKeyToken=null" name="TestCreateDateRangeWithMonth" />
    </UnitTest>
    <UnitTest name="TestCreateDateRangeWithYear" storage="c:\git_repository\mvcexpensegit1\mvcexpense\mvcexpense.tests\bin\debug\mvcexpense.tests.dll" id="e551eecc-a616-980c-8cbe-e219726e6237">
      <Execution id="174480da-d9fa-44b5-834f-9b65c1d4e9e2" />
      <TestMethod codeBase="C:/git_repository/MvcExpenseGit1/MvcExpense/MvcExpense.Tests/bin/Debug/MvcExpense.Tests.DLL" adapterTypeName="Microsoft.VisualStudio.TestTools.TestTypes.Unit.UnitTestAdapter, Microsoft.VisualStudio.QualityTools.Tips.UnitTest.Adapter, Version=10.0.0.0, Culture=neutral, PublicKeyToken=b03f5f7f11d50a3a" className="MvcExpense.Tests.HelperClasses.DateRangeTest, MvcExpense.Tests, Version=1.0.0.0, Culture=neutral, PublicKeyToken=null" name="TestCreateDateRangeWithYear" />
    </UnitTest>
    <UnitTest name="TestCreateDateRangeWithYearMonth" storage="c:\git_repository\mvcexpensegit1\mvcexpense\mvcexpense.tests\bin\debug\mvcexpense.tests.dll" id="7273be56-64d0-6514-7f58-c6d4a20c76ca">
      <Execution id="8557fea1-db10-4713-9a6d-a00ad4da4249" />
      <TestMethod codeBase="C:/git_repository/MvcExpenseGit1/MvcExpense/MvcExpense.Tests/bin/Debug/MvcExpense.Tests.DLL" adapterTypeName="Microsoft.VisualStudio.TestTools.TestTypes.Unit.UnitTestAdapter, Microsoft.VisualStudio.QualityTools.Tips.UnitTest.Adapter, Version=10.0.0.0, Culture=neutral, PublicKeyToken=b03f5f7f11d50a3a" className="MvcExpense.Tests.HelperClasses.DateRangeTest, MvcExpense.Tests, Version=1.0.0.0, Culture=neutral, PublicKeyToken=null" name="TestCreateDateRangeWithYearMonth" />
    </UnitTest>
    <UnitTest name="TestCreateDateRangeWithDay" storage="c:\git_repository\mvcexpensegit1\mvcexpense\mvcexpense.tests\bin\debug\mvcexpense.tests.dll" id="db2561a8-777d-df49-bbd7-fd1a1cf9d00f">
      <Execution id="2ea8fea0-8bd7-4d69-91fc-9a11668064f8" />
      <TestMethod codeBase="C:/git_repository/MvcExpenseGit1/MvcExpense/MvcExpense.Tests/bin/Debug/MvcExpense.Tests.DLL" adapterTypeName="Microsoft.VisualStudio.TestTools.TestTypes.Unit.UnitTestAdapter, Microsoft.VisualStudio.QualityTools.Tips.UnitTest.Adapter, Version=10.0.0.0, Culture=neutral, PublicKeyToken=b03f5f7f11d50a3a" className="MvcExpense.Tests.HelperClasses.DateRangeTest, MvcExpense.Tests, Version=1.0.0.0, Culture=neutral, PublicKeyToken=null" name="TestCreateDateRangeWithDay" />
    </UnitTest>
    <UnitTest name="TestCreateDateRangeWithYearMonthDay" storage="c:\git_repository\mvcexpensegit1\mvcexpense\mvcexpense.tests\bin\debug\mvcexpense.tests.dll" id="10b726d5-82e6-aa0e-9f82-1a36dea97f6f">
      <Execution id="8b354dda-dae5-446e-9928-0b9c01316a96" />
      <TestMethod codeBase="C:/git_repository/MvcExpenseGit1/MvcExpense/MvcExpense.Tests/bin/Debug/MvcExpense.Tests.DLL" adapterTypeName="Microsoft.VisualStudio.TestTools.TestTypes.Unit.UnitTestAdapter, Microsoft.VisualStudio.QualityTools.Tips.UnitTest.Adapter, Version=10.0.0.0, Culture=neutral, PublicKeyToken=b03f5f7f11d50a3a" className="MvcExpense.Tests.HelperClasses.DateRangeTest, MvcExpense.Tests, Version=1.0.0.0, Culture=neutral, PublicKeyToken=null" name="TestCreateDateRangeWithYearMonthDay" />
    </UnitTest>
    <UnitTest name="TestCreateDateRangeWithYearDay" storage="c:\git_repository\mvcexpensegit1\mvcexpense\mvcexpense.tests\bin\debug\mvcexpense.tests.dll" id="1fa74abe-018b-7d97-ef87-f45cb42dfca3">
      <Execution id="43401c15-d680-4763-bb5e-19309af273e9" />
      <TestMethod codeBase="C:/git_repository/MvcExpenseGit1/MvcExpense/MvcExpense.Tests/bin/Debug/MvcExpense.Tests.DLL" adapterTypeName="Microsoft.VisualStudio.TestTools.TestTypes.Unit.UnitTestAdapter, Microsoft.VisualStudio.QualityTools.Tips.UnitTest.Adapter, Version=10.0.0.0, Culture=neutral, PublicKeyToken=b03f5f7f11d50a3a" className="MvcExpense.Tests.HelperClasses.DateRangeTest, MvcExpense.Tests, Version=1.0.0.0, Culture=neutral, PublicKeyToken=null" name="TestCreateDateRangeWithYearDay" />
    </UnitTest>
  </TestDefinitions>
  <TestLists>
    <TestList name="Results Not in a List" id="8c84fa94-04c1-424b-9868-57a2d4851a1d" />
    <TestList name="All Loaded Results" id="19431567-8539-422a-85d7-44ee4e166bda" />
  </TestLists>
  <TestEntries>
    <TestEntry testId="10b726d5-82e6-aa0e-9f82-1a36dea97f6f" executionId="8b354dda-dae5-446e-9928-0b9c01316a96" testListId="8c84fa94-04c1-424b-9868-57a2d4851a1d" />
    <TestEntry testId="1fa74abe-018b-7d97-ef87-f45cb42dfca3" executionId="43401c15-d680-4763-bb5e-19309af273e9" testListId="8c84fa94-04c1-424b-9868-57a2d4851a1d" />
    <TestEntry testId="5c7470ff-866f-02d8-bf12-ff4d787929ba" executionId="e78f7445-522c-4dae-91f3-081068e7531a" testListId="8c84fa94-04c1-424b-9868-57a2d4851a1d" />
    <TestEntry testId="7273be56-64d0-6514-7f58-c6d4a20c76ca" executionId="8557fea1-db10-4713-9a6d-a00ad4da4249" testListId="8c84fa94-04c1-424b-9868-57a2d4851a1d" />
    <TestEntry testId="761dfcab-e528-7303-81bd-2ca1f685f3dc" executionId="1278be6a-fc37-46c0-bbde-7a6d0fe97109" testListId="8c84fa94-04c1-424b-9868-57a2d4851a1d" />
    <TestEntry testId="db2561a8-777d-df49-bbd7-fd1a1cf9d00f" executionId="2ea8fea0-8bd7-4d69-91fc-9a11668064f8" testListId="8c84fa94-04c1-424b-9868-57a2d4851a1d" />
    <TestEntry testId="e551eecc-a616-980c-8cbe-e219726e6237" executionId="174480da-d9fa-44b5-834f-9b65c1d4e9e2" testListId="8c84fa94-04c1-424b-9868-57a2d4851a1d" />
    <TestEntry testId="f05442bb-1c81-e40a-1104-6d8b97ad5464" executionId="711415bb-a7a9-41fc-8143-329f07fcf5f8" testListId="8c84fa94-04c1-424b-9868-57a2d4851a1d" />
  </TestEntries>
  <Results>
    <UnitTestResult executionId="8b354dda-dae5-446e-9928-0b9c01316a96" testId="10b726d5-82e6-aa0e-9f82-1a36dea97f6f" testName="TestCreateDateRangeWithYearMonthDay" computerName="IN40400042-0" duration="00:00:00.0652324" startTime="2012-05-31T18:53:07.1369575+08:00" endTime="2012-05-31T18:53:07.6880126+08:00" testType="13cdc9d9-ddb5-4fa4-a97d-d965ccfc6d4b" outcome="Passed" testListId="8c84fa94-04c1-424b-9868-57a2d4851a1d" relativeResultsDirectory="8b354dda-dae5-446e-9928-0b9c01316a96">
    </UnitTestResult>
    <UnitTestResult executionId="43401c15-d680-4763-bb5e-19309af273e9" testId="1fa74abe-018b-7d97-ef87-f45cb42dfca3" testName="TestCreateDateRangeWithYearDay" computerName="IN40400042-0" duration="00:00:00.0007864" startTime="2012-05-31T18:53:07.6950133+08:00" endTime="2012-05-31T18:53:07.7060144+08:00" testType="13cdc9d9-ddb5-4fa4-a97d-d965ccfc6d4b" outcome="Passed" testListId="8c84fa94-04c1-424b-9868-57a2d4851a1d" relativeResultsDirectory="43401c15-d680-4763-bb5e-19309af273e9">
    </UnitTestResult>
    <UnitTestResult executionId="e78f7445-522c-4dae-91f3-081068e7531a" testId="5c7470ff-866f-02d8-bf12-ff4d787929ba" testName="TestCreateDateRangeWithMonth" computerName="IN40400042-0" duration="00:00:00.0009038" startTime="2012-05-31T18:53:07.7130151+08:00" endTime="2012-05-31T18:53:07.7210159+08:00" testType="13cdc9d9-ddb5-4fa4-a97d-d965ccfc6d4b" outcome="Passed" testListId="8c84fa94-04c1-424b-9868-57a2d4851a1d" relativeResultsDirectory="e78f7445-522c-4dae-91f3-081068e7531a">
    </UnitTestResult>
    <UnitTestResult executionId="8557fea1-db10-4713-9a6d-a00ad4da4249" testId="7273be56-64d0-6514-7f58-c6d4a20c76ca" testName="TestCreateDateRangeWithYearMonth" computerName="IN40400042-0" duration="00:00:00.0006898" startTime="2012-05-31T18:53:07.7280166+08:00" endTime="2012-05-31T18:53:07.7340172+08:00" testType="13cdc9d9-ddb5-4fa4-a97d-d965ccfc6d4b" outcome="Passed" testListId="8c84fa94-04c1-424b-9868-57a2d4851a1d" relativeResultsDirectory="8557fea1-db10-4713-9a6d-a00ad4da4249">
    </UnitTestResult>
    <UnitTestResult executionId="1278be6a-fc37-46c0-bbde-7a6d0fe97109" testId="761dfcab-e528-7303-81bd-2ca1f685f3dc" testName="TestCreateDateRange" computerName="IN40400042-0" duration="00:00:00.0006413" startTime="2012-05-31T18:53:07.7400178+08:00" endTime="2012-05-31T18:53:07.7480186+08:00" testType="13cdc9d9-ddb5-4fa4-a97d-d965ccfc6d4b" outcome="Passed" testListId="8c84fa94-04c1-424b-9868-57a2d4851a1d" relativeResultsDirectory="1278be6a-fc37-46c0-bbde-7a6d0fe97109">
    </UnitTestResult>
    <UnitTestResult executionId="2ea8fea0-8bd7-4d69-91fc-9a11668064f8" testId="db2561a8-777d-df49-bbd7-fd1a1cf9d00f" testName="TestCreateDateRangeWithDay" computerName="IN40400042-0" duration="00:00:00.0006705" startTime="2012-05-31T18:53:07.7550193+08:00" endTime="2012-05-31T18:53:07.7620200+08:00" testType="13cdc9d9-ddb5-4fa4-a97d-d965ccfc6d4b" outcome="Passed" testListId="8c84fa94-04c1-424b-9868-57a2d4851a1d" relativeResultsDirectory="2ea8fea0-8bd7-4d69-91fc-9a11668064f8">
    </UnitTestResult>
    <UnitTestResult executionId="174480da-d9fa-44b5-834f-9b65c1d4e9e2" testId="e551eecc-a616-980c-8cbe-e219726e6237" testName="TestCreateDateRangeWithYear" computerName="IN40400042-0" duration="00:00:00.0006809" startTime="2012-05-31T18:53:07.7690207+08:00" endTime="2012-05-31T18:53:07.7750213+08:00" testType="13cdc9d9-ddb5-4fa4-a97d-d965ccfc6d4b" outcome="Passed" testListId="8c84fa94-04c1-424b-9868-57a2d4851a1d" relativeResultsDirectory="174480da-d9fa-44b5-834f-9b65c1d4e9e2">
    </UnitTestResult>
    <UnitTestResult executionId="711415bb-a7a9-41fc-8143-329f07fcf5f8" testId="f05442bb-1c81-e40a-1104-6d8b97ad5464" testName="TestCreateDateRangeWithMonthDay" computerName="IN40400042-0" duration="00:00:00.0006956" startTime="2012-05-31T18:53:07.7820220+08:00" endTime="2012-05-31T18:53:07.7890227+08:00" testType="13cdc9d9-ddb5-4fa4-a97d-d965ccfc6d4b" outcome="Passed" testListId="8c84fa94-04c1-424b-9868-57a2d4851a1d" relativeResultsDirectory="711415bb-a7a9-41fc-8143-329f07fcf5f8">
    </UnitTestResult>
  </Results>
</TestRun>