<?xml version="1.0" encoding="UTF-8"?>
<TestRun id="c0a122d0-f1ae-449c-bc6c-11a33926f563" name="KIMLZY2@IN40400042-0 2012-05-31 18:47:18" runUser="KKHAD\KIMLZY2" xmlns="http://microsoft.com/schemas/VisualStudio/TeamTest/2010">
  <TestSettings name="Default Test Settings" id="a8540d1c-8b0f-4635-8a7d-e9079c97fea7">
    <Deployment runDeploymentRoot="KIMLZY2_IN40400042-0 2012-05-31 18_47_18">
      <DeploymentItem filename="C:\git_repository\MvcExpenseGit1\MvcExpense\MvcExpense\bin\MvcExpense.dll" />
    </Deployment>
    <Execution>
      <TestTypeSpecific />
      <AgentRule name="Execution Agents">
      </AgentRule>
    </Execution>
  </TestSettings>
  <Times creation="2012-05-31T18:47:18.9581431+08:00" queuing="2012-05-31T18:47:19.6782151+08:00" start="2012-05-31T18:47:19.6982171+08:00" finish="2012-05-31T18:47:20.3752848+08:00" />
  <ResultSummary outcome="Completed">
    <Counters total="3" executed="3" passed="3" error="0" failed="0" timeout="0" aborted="0" inconclusive="0" passedButRunAborted="0" notRunnable="0" notExecuted="0" disconnected="0" warning="0" completed="0" inProgress="0" pending="0" />
  </ResultSummary>
  <TestDefinitions>
    <UnitTest name="TestCreateDateRangeWithYear" storage="c:\git_repository\mvcexpensegit1\mvcexpense\mvcexpense.tests\bin\debug\mvcexpense.tests.dll" id="e551eecc-a616-980c-8cbe-e219726e6237">
      <Execution id="62fcdbe8-877a-4f08-8074-61111e5197c7" />
      <TestMethod codeBase="C:/git_repository/MvcExpenseGit1/MvcExpense/MvcExpense.Tests/bin/Debug/MvcExpense.Tests.DLL" adapterTypeName="Microsoft.VisualStudio.TestTools.TestTypes.Unit.UnitTestAdapter, Microsoft.VisualStudio.QualityTools.Tips.UnitTest.Adapter, Version=10.0.0.0, Culture=neutral, PublicKeyToken=b03f5f7f11d50a3a" className="MvcExpense.Tests.HelperClasses.DateRangeTest, MvcExpense.Tests, Version=1.0.0.0, Culture=neutral, PublicKeyToken=null" name="TestCreateDateRangeWithYear" />
    </UnitTest>
    <UnitTest name="TestCreateDateRangeWithYearMonth" storage="c:\git_repository\mvcexpensegit1\mvcexpense\mvcexpense.tests\bin\debug\mvcexpense.tests.dll" id="7273be56-64d0-6514-7f58-c6d4a20c76ca">
      <Execution id="59943d87-1655-40bb-957a-e852ed6304a1" />
      <TestMethod codeBase="C:/git_repository/MvcExpenseGit1/MvcExpense/MvcExpense.Tests/bin/Debug/MvcExpense.Tests.DLL" adapterTypeName="Microsoft.VisualStudio.TestTools.TestTypes.Unit.UnitTestAdapter, Microsoft.VisualStudio.QualityTools.Tips.UnitTest.Adapter, Version=10.0.0.0, Culture=neutral, PublicKeyToken=b03f5f7f11d50a3a" className="MvcExpense.Tests.HelperClasses.DateRangeTest, MvcExpense.Tests, Version=1.0.0.0, Culture=neutral, PublicKeyToken=null" name="TestCreateDateRangeWithYearMonth" />
    </UnitTest>
    <UnitTest name="TestCreateDateRangeWithYearMonthDay" storage="c:\git_repository\mvcexpensegit1\mvcexpense\mvcexpense.tests\bin\debug\mvcexpense.tests.dll" id="10b726d5-82e6-aa0e-9f82-1a36dea97f6f">
      <Execution id="e7de12e3-1783-4ee6-aa27-277059139ea3" />
      <TestMethod codeBase="C:/git_repository/MvcExpenseGit1/MvcExpense/MvcExpense.Tests/bin/Debug/MvcExpense.Tests.DLL" adapterTypeName="Microsoft.VisualStudio.TestTools.TestTypes.Unit.UnitTestAdapter, Microsoft.VisualStudio.QualityTools.Tips.UnitTest.Adapter, Version=10.0.0.0, Culture=neutral, PublicKeyToken=b03f5f7f11d50a3a" className="MvcExpense.Tests.HelperClasses.DateRangeTest, MvcExpense.Tests, Version=1.0.0.0, Culture=neutral, PublicKeyToken=null" name="TestCreateDateRangeWithYearMonthDay" />
    </UnitTest>
  </TestDefinitions>
  <TestLists>
    <TestList name="Results Not in a List" id="8c84fa94-04c1-424b-9868-57a2d4851a1d" />
    <TestList name="All Loaded Results" id="19431567-8539-422a-85d7-44ee4e166bda" />
  </TestLists>
  <TestEntries>
    <TestEntry testId="10b726d5-82e6-aa0e-9f82-1a36dea97f6f" executionId="e7de12e3-1783-4ee6-aa27-277059139ea3" testListId="8c84fa94-04c1-424b-9868-57a2d4851a1d" />
    <TestEntry testId="7273be56-64d0-6514-7f58-c6d4a20c76ca" executionId="59943d87-1655-40bb-957a-e852ed6304a1" testListId="8c84fa94-04c1-424b-9868-57a2d4851a1d" />
    <TestEntry testId="e551eecc-a616-980c-8cbe-e219726e6237" executionId="62fcdbe8-877a-4f08-8074-61111e5197c7" testListId="8c84fa94-04c1-424b-9868-57a2d4851a1d" />
  </TestEntries>
  <Results>
    <UnitTestResult executionId="e7de12e3-1783-4ee6-aa27-277059139ea3" testId="10b726d5-82e6-aa0e-9f82-1a36dea97f6f" testName="TestCreateDateRangeWithYearMonthDay" computerName="IN40400042-0" duration="00:00:00.0412722" startTime="2012-05-31T18:47:19.7122185+08:00" endTime="2012-05-31T18:47:20.2912764+08:00" testType="13cdc9d9-ddb5-4fa4-a97d-d965ccfc6d4b" outcome="Passed" testListId="8c84fa94-04c1-424b-9868-57a2d4851a1d" relativeResultsDirectory="e7de12e3-1783-4ee6-aa27-277059139ea3">
    </UnitTestResult>
    <UnitTestResult executionId="59943d87-1655-40bb-957a-e852ed6304a1" testId="7273be56-64d0-6514-7f58-c6d4a20c76ca" testName="TestCreateDateRangeWithYearMonth" computerName="IN40400042-0" duration="00:00:00.0008761" startTime="2012-05-31T18:47:20.2982771+08:00" endTime="2012-05-31T18:47:20.3102783+08:00" testType="13cdc9d9-ddb5-4fa4-a97d-d965ccfc6d4b" outcome="Passed" testListId="8c84fa94-04c1-424b-9868-57a2d4851a1d" relativeResultsDirectory="59943d87-1655-40bb-957a-e852ed6304a1">
    </UnitTestResult>
    <UnitTestResult executionId="62fcdbe8-877a-4f08-8074-61111e5197c7" testId="e551eecc-a616-980c-8cbe-e219726e6237" testName="TestCreateDateRangeWithYear" computerName="IN40400042-0" duration="00:00:00.0009839" startTime="2012-05-31T18:47:20.3182791+08:00" endTime="2012-05-31T18:47:20.3292802+08:00" testType="13cdc9d9-ddb5-4fa4-a97d-d965ccfc6d4b" outcome="Passed" testListId="8c84fa94-04c1-424b-9868-57a2d4851a1d" relativeResultsDirectory="62fcdbe8-877a-4f08-8074-61111e5197c7">
    </UnitTestResult>
  </Results>
</TestRun>