<?xml version="1.0" encoding="UTF-8"?>
<TestRun id="7649616e-8a7a-4c5a-a757-e466fde97971" name="KIMLZY2@IN40400042-0 2012-05-31 18:37:17" runUser="KKHAD\KIMLZY2" xmlns="http://microsoft.com/schemas/VisualStudio/TeamTest/2010">
  <TestSettings name="Default Test Settings" id="de8bd73a-6d39-408a-951a-d7fb728606a0">
    <Deployment runDeploymentRoot="KIMLZY2_IN40400042-0 2012-05-31 18_37_17">
      <DeploymentItem filename="C:\git_repository\MvcExpenseGit1\MvcExpense\MvcExpense\bin\MvcExpense.dll" />
    </Deployment>
    <Execution>
      <TestTypeSpecific />
      <AgentRule name="Execution Agents">
      </AgentRule>
    </Execution>
  </TestSettings>
  <Times creation="2012-05-31T18:37:17.4440787+08:00" queuing="2012-05-31T18:37:18.1200787+08:00" start="2012-05-31T18:37:18.1370787+08:00" finish="2012-05-31T18:37:18.9400787+08:00" />
  <ResultSummary outcome="Failed">
    <Counters total="1" executed="1" error="0" failed="1" timeout="0" aborted="0" inconclusive="0" passedButRunAborted="0" notRunnable="0" notExecuted="0" disconnected="0" warning="0" passed="0" completed="0" inProgress="0" pending="0" />
  </ResultSummary>
  <TestDefinitions>
    <UnitTest name="TestCreateDateRange" storage="c:\git_repository\mvcexpensegit1\mvcexpense\mvcexpense.tests\bin\debug\mvcexpense.tests.dll" id="761dfcab-e528-7303-81bd-2ca1f685f3dc">
      <Execution id="42f3e03d-1fe1-4ffb-a8f2-6a00089e94fa" />
      <TestMethod codeBase="C:/git_repository/MvcExpenseGit1/MvcExpense/MvcExpense.Tests/bin/Debug/MvcExpense.Tests.DLL" adapterTypeName="Microsoft.VisualStudio.TestTools.TestTypes.Unit.UnitTestAdapter, Microsoft.VisualStudio.QualityTools.Tips.UnitTest.Adapter, Version=10.0.0.0, Culture=neutral, PublicKeyToken=b03f5f7f11d50a3a" className="MvcExpense.Tests.HelperClasses.DateRangeTest, MvcExpense.Tests, Version=1.0.0.0, Culture=neutral, PublicKeyToken=null" name="TestCreateDateRange" />
    </UnitTest>
  </TestDefinitions>
  <TestLists>
    <TestList name="Results Not in a List" id="8c84fa94-04c1-424b-9868-57a2d4851a1d" />
    <TestList name="All Loaded Results" id="19431567-8539-422a-85d7-44ee4e166bda" />
  </TestLists>
  <TestEntries>
    <TestEntry testId="761dfcab-e528-7303-81bd-2ca1f685f3dc" executionId="42f3e03d-1fe1-4ffb-a8f2-6a00089e94fa" testListId="8c84fa94-04c1-424b-9868-57a2d4851a1d" />
  </TestEntries>
  <Results>
    <UnitTestResult executionId="42f3e03d-1fe1-4ffb-a8f2-6a00089e94fa" testId="761dfcab-e528-7303-81bd-2ca1f685f3dc" testName="TestCreateDateRange" computerName="IN40400042-0" duration="00:00:00.1797396" startTime="2012-05-31T18:37:18.1610787+08:00" endTime="2012-05-31T18:37:18.8940787+08:00" testType="13cdc9d9-ddb5-4fa4-a97d-d965ccfc6d4b" outcome="Failed" testListId="8c84fa94-04c1-424b-9868-57a2d4851a1d" relativeResultsDirectory="42f3e03d-1fe1-4ffb-a8f2-6a00089e94fa">
      <Output>
        <ErrorInfo>
          <Message>Assert.AreEqual failed. Expected:&lt;23-Mar-2012 12:00:00 AM&gt;. Actual:&lt;25-Mar-2012 12:00:00 AM&gt;. </Message>
          <StackTrace>   at MvcExpense.Tests.HelperClasses.DateRangeTest.TestCreateDateRange() in C:\git_repository\MvcExpenseGit1\MvcExpense\MvcExpense.Tests\HelperClasses\DateRangeTest.cs:line 22
</StackTrace>
        </ErrorInfo>
      </Output>
    </UnitTestResult>
  </Results>
</TestRun>