<?xml version="1.0" encoding="UTF-8"?>
<TestRun id="c69c15a3-a39b-47b9-94f2-150f1e9d4076" name="KIMLZY2@IN40400042-0 2012-06-01 21:58:35" runUser="KKHAD\KIMLZY2" xmlns="http://microsoft.com/schemas/VisualStudio/TeamTest/2010">
  <TestSettings name="Local" id="0c625ff9-47bc-4cec-b089-5b2f9e964c1f">
    <Description>These are default test settings for a local test run.</Description>
    <Deployment enabled="false" runDeploymentRoot="KIMLZY2_IN40400042-0 2012-06-01 21_58_35">
      <DeploymentItem filename="C:\git_repository\MvcExpenseGit1\MvcExpense\MvcExpense\bin\MvcExpense.dll" />
      <DeploymentItem filename="C:\Program Files\NUnit 2.6\bin\framework\nunit.framework.dll" />
    </Deployment>
    <Execution>
      <TestTypeSpecific />
      <AgentRule name="Execution Agents">
      </AgentRule>
    </Execution>
  </TestSettings>
  <Times creation="2012-06-01T21:58:35.7189447+08:00" queuing="2012-06-01T21:58:39.2001438+08:00" start="2012-06-01T21:58:39.3201506+08:00" finish="2012-06-01T21:58:41.6362831+08:00" />
  <ResultSummary outcome="Completed">
    <Counters total="2" executed="2" passed="2" error="0" failed="0" timeout="0" aborted="0" inconclusive="0" passedButRunAborted="0" notRunnable="0" notExecuted="0" disconnected="0" warning="0" completed="0" inProgress="0" pending="0" />
  </ResultSummary>
  <TestDefinitions>
    <UnitTest name="About" storage="c:\git_repository\mvcexpensegit1\mvcexpense\mvcexpense.tests\bin\debug\mvcexpense.tests.dll" id="c27647e8-739b-71c6-b341-114c63055c5f">
      <Execution id="7dfd9eda-024b-418c-91f5-8d0058ba46a5" />
      <TestMethod codeBase="C:/git_repository/MvcExpenseGit1/MvcExpense/MvcExpense.Tests/bin/Debug/MvcExpense.Tests.DLL" adapterTypeName="Microsoft.VisualStudio.TestTools.TestTypes.Unit.UnitTestAdapter, Microsoft.VisualStudio.QualityTools.Tips.UnitTest.Adapter, Version=10.0.0.0, Culture=neutral, PublicKeyToken=b03f5f7f11d50a3a" className="MvcExpense.Tests.Controllers.HomeControllerTest, MvcExpense.Tests, Version=1.0.0.0, Culture=neutral, PublicKeyToken=null" name="About" />
    </UnitTest>
    <UnitTest name="Index" storage="c:\git_repository\mvcexpensegit1\mvcexpense\mvcexpense.tests\bin\debug\mvcexpense.tests.dll" id="bbf9bb87-0eda-072e-04b9-ca81740367e5">
      <Execution id="f979f634-03f3-49dc-8f2d-d35adf1e70da" />
      <TestMethod codeBase="C:/git_repository/MvcExpenseGit1/MvcExpense/MvcExpense.Tests/bin/Debug/MvcExpense.Tests.DLL" adapterTypeName="Microsoft.VisualStudio.TestTools.TestTypes.Unit.UnitTestAdapter, Microsoft.VisualStudio.QualityTools.Tips.UnitTest.Adapter, Version=10.0.0.0, Culture=neutral, PublicKeyToken=b03f5f7f11d50a3a" className="MvcExpense.Tests.Controllers.HomeControllerTest, MvcExpense.Tests, Version=1.0.0.0, Culture=neutral, PublicKeyToken=null" name="Index" />
    </UnitTest>
  </TestDefinitions>
  <TestLists>
    <TestList name="Results Not in a List" id="8c84fa94-04c1-424b-9868-57a2d4851a1d" />
    <TestList name="All Loaded Results" id="19431567-8539-422a-85d7-44ee4e166bda" />
  </TestLists>
  <TestEntries>
    <TestEntry testId="bbf9bb87-0eda-072e-04b9-ca81740367e5" executionId="f979f634-03f3-49dc-8f2d-d35adf1e70da" testListId="8c84fa94-04c1-424b-9868-57a2d4851a1d" />
    <TestEntry testId="c27647e8-739b-71c6-b341-114c63055c5f" executionId="7dfd9eda-024b-418c-91f5-8d0058ba46a5" testListId="8c84fa94-04c1-424b-9868-57a2d4851a1d" />
  </TestEntries>
  <Results>
    <UnitTestResult executionId="f979f634-03f3-49dc-8f2d-d35adf1e70da" testId="bbf9bb87-0eda-072e-04b9-ca81740367e5" testName="Index" computerName="IN40400042-0" duration="00:00:01.0302314" startTime="2012-06-01T21:58:39.4361573+08:00" endTime="2012-06-01T21:58:41.5462780+08:00" testType="13cdc9d9-ddb5-4fa4-a97d-d965ccfc6d4b" outcome="Passed" testListId="8c84fa94-04c1-424b-9868-57a2d4851a1d" relativeResultsDirectory="f979f634-03f3-49dc-8f2d-d35adf1e70da">
    </UnitTestResult>
    <UnitTestResult executionId="7dfd9eda-024b-418c-91f5-8d0058ba46a5" testId="c27647e8-739b-71c6-b341-114c63055c5f" testName="About" computerName="IN40400042-0" duration="00:00:00.0005924" startTime="2012-06-01T21:58:41.5552785+08:00" endTime="2012-06-01T21:58:41.5662791+08:00" testType="13cdc9d9-ddb5-4fa4-a97d-d965ccfc6d4b" outcome="Passed" testListId="8c84fa94-04c1-424b-9868-57a2d4851a1d" relativeResultsDirectory="7dfd9eda-024b-418c-91f5-8d0058ba46a5">
    </UnitTestResult>
  </Results>
</TestRun>