<?xml version="1.0" encoding="UTF-8"?>
<TestRun id="1b3a6966-f624-44b8-b372-9f357ab9d9b0" name="KIMLZY2@IN40400042-0 2012-06-01 18:36:08" runUser="KKHAD\KIMLZY2" xmlns="http://microsoft.com/schemas/VisualStudio/TeamTest/2010">
  <TestSettings name="Local" id="0c625ff9-47bc-4cec-b089-5b2f9e964c1f">
    <Description>These are default test settings for a local test run.</Description>
    <Deployment enabled="false" runDeploymentRoot="KIMLZY2_IN40400042-0 2012-06-01 18_36_08">
      <DeploymentItem filename="C:\git_repository\MvcExpenseGit1\MvcExpense\Zac.DateRange\bin\Debug\Zac.DateRange.dll" />
    </Deployment>
    <Execution>
      <TestTypeSpecific />
      <AgentRule name="Execution Agents">
      </AgentRule>
    </Execution>
  </TestSettings>
  <Times creation="2012-06-01T18:36:08.5448015+08:00" queuing="2012-06-01T18:36:11.7281198+08:00" start="2012-06-01T18:36:11.8721342+08:00" finish="2012-06-01T18:36:12.8152285+08:00" />
  <ResultSummary outcome="Completed">
    <Counters total="8" executed="8" passed="8" error="0" failed="0" timeout="0" aborted="0" inconclusive="0" passedButRunAborted="0" notRunnable="0" notExecuted="0" disconnected="0" warning="0" completed="0" inProgress="0" pending="0" />
  </ResultSummary>
  <TestDefinitions>
    <UnitTest name="TestCreateDateRangeWithDay" storage="c:\git_repository\mvcexpensegit1\mvcexpense\zac.daterange.tests\bin\debug\zac.daterange.tests.dll" id="1d695694-64ac-fa67-831c-7da86eedb697">
      <Execution id="422ff862-70ea-4107-b0ae-804dd63e91a3" />
      <TestMethod codeBase="C:/git_repository/MvcExpenseGit1/MvcExpense/Zac.DateRange.Tests/bin/Debug/Zac.DateRange.Tests.DLL" adapterTypeName="Microsoft.VisualStudio.TestTools.TestTypes.Unit.UnitTestAdapter, Microsoft.VisualStudio.QualityTools.Tips.UnitTest.Adapter, Version=10.0.0.0, Culture=neutral, PublicKeyToken=b03f5f7f11d50a3a" className="Zac.DateRange.Tests.DateRangeTest, Zac.DateRange.Tests, Version=1.0.0.0, Culture=neutral, PublicKeyToken=null" name="TestCreateDateRangeWithDay" />
    </UnitTest>
    <UnitTest name="TestCreateDateRangeWithMonth" storage="c:\git_repository\mvcexpensegit1\mvcexpense\zac.daterange.tests\bin\debug\zac.daterange.tests.dll" id="b810524d-3ca1-e53d-1d20-65fa88d4148d">
      <Execution id="8c54de07-d341-4976-878a-d00a319f5def" />
      <TestMethod codeBase="C:/git_repository/MvcExpenseGit1/MvcExpense/Zac.DateRange.Tests/bin/Debug/Zac.DateRange.Tests.DLL" adapterTypeName="Microsoft.VisualStudio.TestTools.TestTypes.Unit.UnitTestAdapter, Microsoft.VisualStudio.QualityTools.Tips.UnitTest.Adapter, Version=10.0.0.0, Culture=neutral, PublicKeyToken=b03f5f7f11d50a3a" className="Zac.DateRange.Tests.DateRangeTest, Zac.DateRange.Tests, Version=1.0.0.0, Culture=neutral, PublicKeyToken=null" name="TestCreateDateRangeWithMonth" />
    </UnitTest>
    <UnitTest name="TestCreateDateRangeWithYearMonth" storage="c:\git_repository\mvcexpensegit1\mvcexpense\zac.daterange.tests\bin\debug\zac.daterange.tests.dll" id="21215252-9b8d-c236-adcc-8120b6f50c5a">
      <Execution id="01e45d4c-c809-4f98-b690-f2b1a8cab00e" />
      <TestMethod codeBase="C:/git_repository/MvcExpenseGit1/MvcExpense/Zac.DateRange.Tests/bin/Debug/Zac.DateRange.Tests.DLL" adapterTypeName="Microsoft.VisualStudio.TestTools.TestTypes.Unit.UnitTestAdapter, Microsoft.VisualStudio.QualityTools.Tips.UnitTest.Adapter, Version=10.0.0.0, Culture=neutral, PublicKeyToken=b03f5f7f11d50a3a" className="Zac.DateRange.Tests.DateRangeTest, Zac.DateRange.Tests, Version=1.0.0.0, Culture=neutral, PublicKeyToken=null" name="TestCreateDateRangeWithYearMonth" />
    </UnitTest>
    <UnitTest name="TestCreateDateRangeWithYear" storage="c:\git_repository\mvcexpensegit1\mvcexpense\zac.daterange.tests\bin\debug\zac.daterange.tests.dll" id="bc9cd51c-b41a-d4a8-94b2-93f974dadf3d">
      <Execution id="954bf8fc-0c46-4203-9043-430424c037d3" />
      <TestMethod codeBase="C:/git_repository/MvcExpenseGit1/MvcExpense/Zac.DateRange.Tests/bin/Debug/Zac.DateRange.Tests.DLL" adapterTypeName="Microsoft.VisualStudio.TestTools.TestTypes.Unit.UnitTestAdapter, Microsoft.VisualStudio.QualityTools.Tips.UnitTest.Adapter, Version=10.0.0.0, Culture=neutral, PublicKeyToken=b03f5f7f11d50a3a" className="Zac.DateRange.Tests.DateRangeTest, Zac.DateRange.Tests, Version=1.0.0.0, Culture=neutral, PublicKeyToken=null" name="TestCreateDateRangeWithYear" />
    </UnitTest>
    <UnitTest name="TestCreateDateRangeWithYearDay" storage="c:\git_repository\mvcexpensegit1\mvcexpense\zac.daterange.tests\bin\debug\zac.daterange.tests.dll" id="a27a7631-3c0f-dbb5-4605-f89ea1bf4b71">
      <Execution id="92b6628f-ccbf-4369-aad4-1241488f8382" />
      <TestMethod codeBase="C:/git_repository/MvcExpenseGit1/MvcExpense/Zac.DateRange.Tests/bin/Debug/Zac.DateRange.Tests.DLL" adapterTypeName="Microsoft.VisualStudio.TestTools.TestTypes.Unit.UnitTestAdapter, Microsoft.VisualStudio.QualityTools.Tips.UnitTest.Adapter, Version=10.0.0.0, Culture=neutral, PublicKeyToken=b03f5f7f11d50a3a" className="Zac.DateRange.Tests.DateRangeTest, Zac.DateRange.Tests, Version=1.0.0.0, Culture=neutral, PublicKeyToken=null" name="TestCreateDateRangeWithYearDay" />
    </UnitTest>
    <UnitTest name="TestCreateDateRangeWithYearMonthDay" storage="c:\git_repository\mvcexpensegit1\mvcexpense\zac.daterange.tests\bin\debug\zac.daterange.tests.dll" id="c487d59e-2e07-ddeb-cc90-a7807a49e900">
      <Execution id="598e06f8-04f7-498c-8258-09333982e0e5" />
      <TestMethod codeBase="C:/git_repository/MvcExpenseGit1/MvcExpense/Zac.DateRange.Tests/bin/Debug/Zac.DateRange.Tests.DLL" adapterTypeName="Microsoft.VisualStudio.TestTools.TestTypes.Unit.UnitTestAdapter, Microsoft.VisualStudio.QualityTools.Tips.UnitTest.Adapter, Version=10.0.0.0, Culture=neutral, PublicKeyToken=b03f5f7f11d50a3a" className="Zac.DateRange.Tests.DateRangeTest, Zac.DateRange.Tests, Version=1.0.0.0, Culture=neutral, PublicKeyToken=null" name="TestCreateDateRangeWithYearMonthDay" />
    </UnitTest>
    <UnitTest name="TestCreateDateRangeWithMonthDay" storage="c:\git_repository\mvcexpensegit1\mvcexpense\zac.daterange.tests\bin\debug\zac.daterange.tests.dll" id="9a35a00d-bec4-d70e-0cfb-31a547c11b3b">
      <Execution id="984ece72-a197-42c6-9082-6558f7014714" />
      <TestMethod codeBase="C:/git_repository/MvcExpenseGit1/MvcExpense/Zac.DateRange.Tests/bin/Debug/Zac.DateRange.Tests.DLL" adapterTypeName="Microsoft.VisualStudio.TestTools.TestTypes.Unit.UnitTestAdapter, Microsoft.VisualStudio.QualityTools.Tips.UnitTest.Adapter, Version=10.0.0.0, Culture=neutral, PublicKeyToken=b03f5f7f11d50a3a" className="Zac.DateRange.Tests.DateRangeTest, Zac.DateRange.Tests, Version=1.0.0.0, Culture=neutral, PublicKeyToken=null" name="TestCreateDateRangeWithMonthDay" />
    </UnitTest>
    <UnitTest name="TestCreateDateRange" storage="c:\git_repository\mvcexpensegit1\mvcexpense\zac.daterange.tests\bin\debug\zac.daterange.tests.dll" id="b3ebdb21-b188-2e17-c44d-a3c429572d70">
      <Execution id="395d348f-9190-42f3-9265-8c82e9412698" />
      <TestMethod codeBase="C:/git_repository/MvcExpenseGit1/MvcExpense/Zac.DateRange.Tests/bin/Debug/Zac.DateRange.Tests.DLL" adapterTypeName="Microsoft.VisualStudio.TestTools.TestTypes.Unit.UnitTestAdapter, Microsoft.VisualStudio.QualityTools.Tips.UnitTest.Adapter, Version=10.0.0.0, Culture=neutral, PublicKeyToken=b03f5f7f11d50a3a" className="Zac.DateRange.Tests.DateRangeTest, Zac.DateRange.Tests, Version=1.0.0.0, Culture=neutral, PublicKeyToken=null" name="TestCreateDateRange" />
    </UnitTest>
  </TestDefinitions>
  <TestLists>
    <TestList name="Results Not in a List" id="8c84fa94-04c1-424b-9868-57a2d4851a1d" />
    <TestList name="All Loaded Results" id="19431567-8539-422a-85d7-44ee4e166bda" />
  </TestLists>
  <TestEntries>
    <TestEntry testId="1d695694-64ac-fa67-831c-7da86eedb697" executionId="422ff862-70ea-4107-b0ae-804dd63e91a3" testListId="8c84fa94-04c1-424b-9868-57a2d4851a1d" />
    <TestEntry testId="21215252-9b8d-c236-adcc-8120b6f50c5a" executionId="01e45d4c-c809-4f98-b690-f2b1a8cab00e" testListId="8c84fa94-04c1-424b-9868-57a2d4851a1d" />
    <TestEntry testId="9a35a00d-bec4-d70e-0cfb-31a547c11b3b" executionId="984ece72-a197-42c6-9082-6558f7014714" testListId="8c84fa94-04c1-424b-9868-57a2d4851a1d" />
    <TestEntry testId="a27a7631-3c0f-dbb5-4605-f89ea1bf4b71" executionId="92b6628f-ccbf-4369-aad4-1241488f8382" testListId="8c84fa94-04c1-424b-9868-57a2d4851a1d" />
    <TestEntry testId="b3ebdb21-b188-2e17-c44d-a3c429572d70" executionId="395d348f-9190-42f3-9265-8c82e9412698" testListId="8c84fa94-04c1-424b-9868-57a2d4851a1d" />
    <TestEntry testId="b810524d-3ca1-e53d-1d20-65fa88d4148d" executionId="8c54de07-d341-4976-878a-d00a319f5def" testListId="8c84fa94-04c1-424b-9868-57a2d4851a1d" />
    <TestEntry testId="bc9cd51c-b41a-d4a8-94b2-93f974dadf3d" executionId="954bf8fc-0c46-4203-9043-430424c037d3" testListId="8c84fa94-04c1-424b-9868-57a2d4851a1d" />
    <TestEntry testId="c487d59e-2e07-ddeb-cc90-a7807a49e900" executionId="598e06f8-04f7-498c-8258-09333982e0e5" testListId="8c84fa94-04c1-424b-9868-57a2d4851a1d" />
  </TestEntries>
  <Results>
    <UnitTestResult executionId="422ff862-70ea-4107-b0ae-804dd63e91a3" testId="1d695694-64ac-fa67-831c-7da86eedb697" testName="TestCreateDateRangeWithDay" computerName="IN40400042-0" duration="00:00:00.0360654" startTime="2012-06-01T18:36:11.9351405+08:00" endTime="2012-06-01T18:36:12.6262096+08:00" testType="13cdc9d9-ddb5-4fa4-a97d-d965ccfc6d4b" outcome="Passed" testListId="8c84fa94-04c1-424b-9868-57a2d4851a1d" relativeResultsDirectory="422ff862-70ea-4107-b0ae-804dd63e91a3">
    </UnitTestResult>
    <UnitTestResult executionId="01e45d4c-c809-4f98-b690-f2b1a8cab00e" testId="21215252-9b8d-c236-adcc-8120b6f50c5a" testName="TestCreateDateRangeWithYearMonth" computerName="IN40400042-0" duration="00:00:00.0004053" startTime="2012-06-01T18:36:12.6342104+08:00" endTime="2012-06-01T18:36:12.6392109+08:00" testType="13cdc9d9-ddb5-4fa4-a97d-d965ccfc6d4b" outcome="Passed" testListId="8c84fa94-04c1-424b-9868-57a2d4851a1d" relativeResultsDirectory="01e45d4c-c809-4f98-b690-f2b1a8cab00e">
    </UnitTestResult>
    <UnitTestResult executionId="984ece72-a197-42c6-9082-6558f7014714" testId="9a35a00d-bec4-d70e-0cfb-31a547c11b3b" testName="TestCreateDateRangeWithMonthDay" computerName="IN40400042-0" duration="00:00:00.0003649" startTime="2012-06-01T18:36:12.6452115+08:00" endTime="2012-06-01T18:36:12.6502120+08:00" testType="13cdc9d9-ddb5-4fa4-a97d-d965ccfc6d4b" outcome="Passed" testListId="8c84fa94-04c1-424b-9868-57a2d4851a1d" relativeResultsDirectory="984ece72-a197-42c6-9082-6558f7014714">
    </UnitTestResult>
    <UnitTestResult executionId="92b6628f-ccbf-4369-aad4-1241488f8382" testId="a27a7631-3c0f-dbb5-4605-f89ea1bf4b71" testName="TestCreateDateRangeWithYearDay" computerName="IN40400042-0" duration="00:00:00.0004041" startTime="2012-06-01T18:36:12.6532123+08:00" endTime="2012-06-01T18:36:12.6582128+08:00" testType="13cdc9d9-ddb5-4fa4-a97d-d965ccfc6d4b" outcome="Passed" testListId="8c84fa94-04c1-424b-9868-57a2d4851a1d" relativeResultsDirectory="92b6628f-ccbf-4369-aad4-1241488f8382">
    </UnitTestResult>
    <UnitTestResult executionId="395d348f-9190-42f3-9265-8c82e9412698" testId="b3ebdb21-b188-2e17-c44d-a3c429572d70" testName="TestCreateDateRange" computerName="IN40400042-0" duration="00:00:00.0003499" startTime="2012-06-01T18:36:12.6652135+08:00" endTime="2012-06-01T18:36:12.6702140+08:00" testType="13cdc9d9-ddb5-4fa4-a97d-d965ccfc6d4b" outcome="Passed" testListId="8c84fa94-04c1-424b-9868-57a2d4851a1d" relativeResultsDirectory="395d348f-9190-42f3-9265-8c82e9412698">
    </UnitTestResult>
    <UnitTestResult executionId="8c54de07-d341-4976-878a-d00a319f5def" testId="b810524d-3ca1-e53d-1d20-65fa88d4148d" testName="TestCreateDateRangeWithMonth" computerName="IN40400042-0" duration="00:00:00.0003707" startTime="2012-06-01T18:36:12.6752145+08:00" endTime="2012-06-01T18:36:12.7032173+08:00" testType="13cdc9d9-ddb5-4fa4-a97d-d965ccfc6d4b" outcome="Passed" testListId="8c84fa94-04c1-424b-9868-57a2d4851a1d" relativeResultsDirectory="8c54de07-d341-4976-878a-d00a319f5def">
    </UnitTestResult>
    <UnitTestResult executionId="954bf8fc-0c46-4203-9043-430424c037d3" testId="bc9cd51c-b41a-d4a8-94b2-93f974dadf3d" testName="TestCreateDateRangeWithYear" computerName="IN40400042-0" duration="00:00:00.0003479" startTime="2012-06-01T18:36:12.7072177+08:00" endTime="2012-06-01T18:36:12.7132183+08:00" testType="13cdc9d9-ddb5-4fa4-a97d-d965ccfc6d4b" outcome="Passed" testListId="8c84fa94-04c1-424b-9868-57a2d4851a1d" relativeResultsDirectory="954bf8fc-0c46-4203-9043-430424c037d3">
    </UnitTestResult>
    <UnitTestResult executionId="598e06f8-04f7-498c-8258-09333982e0e5" testId="c487d59e-2e07-ddeb-cc90-a7807a49e900" testName="TestCreateDateRangeWithYearMonthDay" computerName="IN40400042-0" duration="00:00:00.0003583" startTime="2012-06-01T18:36:12.7172187+08:00" endTime="2012-06-01T18:36:12.7252195+08:00" testType="13cdc9d9-ddb5-4fa4-a97d-d965ccfc6d4b" outcome="Passed" testListId="8c84fa94-04c1-424b-9868-57a2d4851a1d" relativeResultsDirectory="598e06f8-04f7-498c-8258-09333982e0e5">
    </UnitTestResult>
  </Results>
</TestRun>