<?xml version="1.0" encoding="UTF-8"?>
<TestRun id="84e9d6c2-69fb-4325-a678-42a4b2947c5b" name="KIMLZY2@IN40400042-0 2012-05-31 18:48:24" runUser="KKHAD\KIMLZY2" xmlns="http://microsoft.com/schemas/VisualStudio/TeamTest/2010">
  <TestSettings name="Default Test Settings" id="6869f540-25cf-4f0a-9b8b-89462d7afb51">
    <Deployment runDeploymentRoot="KIMLZY2_IN40400042-0 2012-05-31 18_48_24">
      <DeploymentItem filename="C:\git_repository\MvcExpenseGit1\MvcExpense\MvcExpense\bin\MvcExpense.dll" />
    </Deployment>
    <Execution>
      <TestTypeSpecific />
      <AgentRule name="Execution Agents">
      </AgentRule>
    </Execution>
  </TestSettings>
  <Times creation="2012-05-31T18:48:24.5787045+08:00" queuing="2012-05-31T18:48:25.4707937+08:00" start="2012-05-31T18:48:25.4917958+08:00" finish="2012-05-31T18:48:26.1508617+08:00" />
  <ResultSummary outcome="Completed">
    <Counters total="4" executed="4" passed="4" error="0" failed="0" timeout="0" aborted="0" inconclusive="0" passedButRunAborted="0" notRunnable="0" notExecuted="0" disconnected="0" warning="0" completed="0" inProgress="0" pending="0" />
  </ResultSummary>
  <TestDefinitions>
    <UnitTest name="TestCreateDateRangeWithYear" storage="c:\git_repository\mvcexpensegit1\mvcexpense\mvcexpense.tests\bin\debug\mvcexpense.tests.dll" id="e551eecc-a616-980c-8cbe-e219726e6237">
      <Execution id="22261346-b3e6-4e04-912a-4b911f05512b" />
      <TestMethod codeBase="C:/git_repository/MvcExpenseGit1/MvcExpense/MvcExpense.Tests/bin/Debug/MvcExpense.Tests.DLL" adapterTypeName="Microsoft.VisualStudio.TestTools.TestTypes.Unit.UnitTestAdapter, Microsoft.VisualStudio.QualityTools.Tips.UnitTest.Adapter, Version=10.0.0.0, Culture=neutral, PublicKeyToken=b03f5f7f11d50a3a" className="MvcExpense.Tests.HelperClasses.DateRangeTest, MvcExpense.Tests, Version=1.0.0.0, Culture=neutral, PublicKeyToken=null" name="TestCreateDateRangeWithYear" />
    </UnitTest>
    <UnitTest name="TestCreateDateRangeWithYearMonth" storage="c:\git_repository\mvcexpensegit1\mvcexpense\mvcexpense.tests\bin\debug\mvcexpense.tests.dll" id="7273be56-64d0-6514-7f58-c6d4a20c76ca">
      <Execution id="7178aacc-cca2-43d4-8978-872a0d7d815a" />
      <TestMethod codeBase="C:/git_repository/MvcExpenseGit1/MvcExpense/MvcExpense.Tests/bin/Debug/MvcExpense.Tests.DLL" adapterTypeName="Microsoft.VisualStudio.TestTools.TestTypes.Unit.UnitTestAdapter, Microsoft.VisualStudio.QualityTools.Tips.UnitTest.Adapter, Version=10.0.0.0, Culture=neutral, PublicKeyToken=b03f5f7f11d50a3a" className="MvcExpense.Tests.HelperClasses.DateRangeTest, MvcExpense.Tests, Version=1.0.0.0, Culture=neutral, PublicKeyToken=null" name="TestCreateDateRangeWithYearMonth" />
    </UnitTest>
    <UnitTest name="TestCreateDateRange" storage="c:\git_repository\mvcexpensegit1\mvcexpense\mvcexpense.tests\bin\debug\mvcexpense.tests.dll" id="761dfcab-e528-7303-81bd-2ca1f685f3dc">
      <Execution id="d7e15025-9d20-41ac-aaed-583e1830fdc8" />
      <TestMethod codeBase="C:/git_repository/MvcExpenseGit1/MvcExpense/MvcExpense.Tests/bin/Debug/MvcExpense.Tests.DLL" adapterTypeName="Microsoft.VisualStudio.TestTools.TestTypes.Unit.UnitTestAdapter, Microsoft.VisualStudio.QualityTools.Tips.UnitTest.Adapter, Version=10.0.0.0, Culture=neutral, PublicKeyToken=b03f5f7f11d50a3a" className="MvcExpense.Tests.HelperClasses.DateRangeTest, MvcExpense.Tests, Version=1.0.0.0, Culture=neutral, PublicKeyToken=null" name="TestCreateDateRange" />
    </UnitTest>
    <UnitTest name="TestCreateDateRangeWithYearMonthDay" storage="c:\git_repository\mvcexpensegit1\mvcexpense\mvcexpense.tests\bin\debug\mvcexpense.tests.dll" id="10b726d5-82e6-aa0e-9f82-1a36dea97f6f">
      <Execution id="b6666f08-3920-4bac-930a-a942a61782b3" />
      <TestMethod codeBase="C:/git_repository/MvcExpenseGit1/MvcExpense/MvcExpense.Tests/bin/Debug/MvcExpense.Tests.DLL" adapterTypeName="Microsoft.VisualStudio.TestTools.TestTypes.Unit.UnitTestAdapter, Microsoft.VisualStudio.QualityTools.Tips.UnitTest.Adapter, Version=10.0.0.0, Culture=neutral, PublicKeyToken=b03f5f7f11d50a3a" className="MvcExpense.Tests.HelperClasses.DateRangeTest, MvcExpense.Tests, Version=1.0.0.0, Culture=neutral, PublicKeyToken=null" name="TestCreateDateRangeWithYearMonthDay" />
    </UnitTest>
  </TestDefinitions>
  <TestLists>
    <TestList name="Results Not in a List" id="8c84fa94-04c1-424b-9868-57a2d4851a1d" />
    <TestList name="All Loaded Results" id="19431567-8539-422a-85d7-44ee4e166bda" />
  </TestLists>
  <TestEntries>
    <TestEntry testId="10b726d5-82e6-aa0e-9f82-1a36dea97f6f" executionId="b6666f08-3920-4bac-930a-a942a61782b3" testListId="8c84fa94-04c1-424b-9868-57a2d4851a1d" />
    <TestEntry testId="7273be56-64d0-6514-7f58-c6d4a20c76ca" executionId="7178aacc-cca2-43d4-8978-872a0d7d815a" testListId="8c84fa94-04c1-424b-9868-57a2d4851a1d" />
    <TestEntry testId="761dfcab-e528-7303-81bd-2ca1f685f3dc" executionId="d7e15025-9d20-41ac-aaed-583e1830fdc8" testListId="8c84fa94-04c1-424b-9868-57a2d4851a1d" />
    <TestEntry testId="e551eecc-a616-980c-8cbe-e219726e6237" executionId="22261346-b3e6-4e04-912a-4b911f05512b" testListId="8c84fa94-04c1-424b-9868-57a2d4851a1d" />
  </TestEntries>
  <Results>
    <UnitTestResult executionId="b6666f08-3920-4bac-930a-a942a61782b3" testId="10b726d5-82e6-aa0e-9f82-1a36dea97f6f" testName="TestCreateDateRangeWithYearMonthDay" computerName="IN40400042-0" duration="00:00:00.0361439" startTime="2012-05-31T18:48:25.5207987+08:00" endTime="2012-05-31T18:48:26.0748541+08:00" testType="13cdc9d9-ddb5-4fa4-a97d-d965ccfc6d4b" outcome="Passed" testListId="8c84fa94-04c1-424b-9868-57a2d4851a1d" relativeResultsDirectory="b6666f08-3920-4bac-930a-a942a61782b3">
    </UnitTestResult>
    <UnitTestResult executionId="7178aacc-cca2-43d4-8978-872a0d7d815a" testId="7273be56-64d0-6514-7f58-c6d4a20c76ca" testName="TestCreateDateRangeWithYearMonth" computerName="IN40400042-0" duration="00:00:00.0006952" startTime="2012-05-31T18:48:26.0808547+08:00" endTime="2012-05-31T18:48:26.0888555+08:00" testType="13cdc9d9-ddb5-4fa4-a97d-d965ccfc6d4b" outcome="Passed" testListId="8c84fa94-04c1-424b-9868-57a2d4851a1d" relativeResultsDirectory="7178aacc-cca2-43d4-8978-872a0d7d815a">
    </UnitTestResult>
    <UnitTestResult executionId="d7e15025-9d20-41ac-aaed-583e1830fdc8" testId="761dfcab-e528-7303-81bd-2ca1f685f3dc" testName="TestCreateDateRange" computerName="IN40400042-0" duration="00:00:00.0006725" startTime="2012-05-31T18:48:26.0948561+08:00" endTime="2012-05-31T18:48:26.1028569+08:00" testType="13cdc9d9-ddb5-4fa4-a97d-d965ccfc6d4b" outcome="Passed" testListId="8c84fa94-04c1-424b-9868-57a2d4851a1d" relativeResultsDirectory="d7e15025-9d20-41ac-aaed-583e1830fdc8">
    </UnitTestResult>
    <UnitTestResult executionId="22261346-b3e6-4e04-912a-4b911f05512b" testId="e551eecc-a616-980c-8cbe-e219726e6237" testName="TestCreateDateRangeWithYear" computerName="IN40400042-0" duration="00:00:00.0006648" startTime="2012-05-31T18:48:26.1088575+08:00" endTime="2012-05-31T18:48:26.1158582+08:00" testType="13cdc9d9-ddb5-4fa4-a97d-d965ccfc6d4b" outcome="Passed" testListId="8c84fa94-04c1-424b-9868-57a2d4851a1d" relativeResultsDirectory="22261346-b3e6-4e04-912a-4b911f05512b">
    </UnitTestResult>
  </Results>
</TestRun>